
SQL*Plus: Release 10.1.0.5.0 - Production on Tue Mar 24 13:46:55 2020

Copyright (c) 1982, 2005, Oracle.  All rights reserved.


Connected to:
Oracle Database 11g Enterprise Edition Release 11.2.0.3.0 - 64bit Production
With the Partitioning, Automatic Storage Management, OLAP and Data Mining options

Logged in at: Tue 24-mar-2020 01:46:56 pm


Session altered.

RUNNING THE LWX_FND_QUERY.SET_ORG(102)!!!!

PL/SQL procedure successfully completed.

Elapsed: 00:00:00.15
rstewar@TEST
SQL> REM Executing another (pointless) "test" in the test instance, this time for the OF-3393.
rstewar@TEST
SQL> rem again, all this is testing/exercising is my capacity to identify applicable test cases
rstewar@TEST
SQL> rem in the TEST instance, this time, and this merely exercises the same code exercised
rstewar@TEST
SQL> rem in the DEV instance.  I have already exercised the code once to demonstrate that the
rstewar@TEST
SQL> rem statement-generation works without throwing errors and aborting, which is a sure
rstewar@TEST
SQL> rem indicator that it is ready for the next round of UAT examination, right?
rstewar@TEST
SQL> rem Further programmer testing (at least for *this* programmer) is a rather expensive
rstewar@TEST
SQL> rem waste of time.
rstewar@TEST
SQL> rstewar@TEST
SQL> select * from (
    SELECT loc.ADDRESS1,
           loc.ADDRESS2,
           loc.ADDRESS3,
           loc.ADDRESS4,
           loc.CITY,
           substr(loc.STATE,1,2),
           substr(loc.POSTAL_CODE,1,12),
--            terr.TERRITORY_SHORT_NAME,
           --
           nvl(loc_assign.location_id,0) good_geocode
	   --
	   , addr.cust_account_id
	   , party_site.party_id
	   , hca.account_number customer_number
      FROM
--       AR_LOOKUPS         l_cat,
--           FND_TERRITORIES_VL terr,
--            FND_LANGUAGES_VL   lang,
           apps.HZ_CUST_ACCT_SITES addr,
           apps.HZ_PARTY_SITES     party_site,
           apps.HZ_CUST_SITE_USES  csu,
           apps.HZ_LOCATIONS       loc,
           apps.HZ_LOC_ASSIGNMENTS loc_assign
	   --
	   , apps.hz_cust_accounts hca
	   , apps.lwx_ar_stmt_headers arsh
     WHERE
--          addr.CUSTOMER_CATEGORY_CODE = l_cat.LOOKUP_CODE(+)
           1=1
--        AND l_cat.LOOKUP_TYPE(+) = 'ADDRESS_CATEGORY'
--
--        AND loc.COUNTRY = terr.TERRITORY_CODE(+)
--        AND loc.LANGUAGE = lang.LANGUAGE_CODE(+)
       AND addr.PARTY_SITE_ID = party_site.PARTY_SITE_ID
       AND csu.CUST_ACCT_SITE_ID = addr.CUST_ACCT_SITE_ID
       AND csu.SITE_USE_CODE IN ('STMTS','BILL_TO')
       AND NVL(csu.PRIMARY_FLAG, 'N') = 'Y'
       AND loc.LOCATION_ID = party_site.LOCATION_ID
       AND loc.LOCATION_ID = loc_assign.LOCATION_ID(+) -- n.b. this is an "optional join" OF-3393
       -- EXTRA TESTING PREDICATES, NOT PRESENT IN THE ORIGINAL QUERY:
       and loc_assign.location_id is null
       and hca.cust_account_id = addr.cust_account_id
       and hca.party_id = party_site.party_id
       and hca.account_number = arsh.send_to_cust_nbr
--
-- The following two predicates are bound to input variables for the original program
-- cursor:
--       AND addr.cust_account_id = cn_cust_id
--       AND party_site.PARTY_ID = cn_party_id
       ORDER BY decode(csu.site_use_code,'STMTS',1,'BILL_TO',2,3)
) where rownum < 11;




ADDRESS1                 	ADDRESS2                 	ADDRESS3                 	ADDRESS4                 	CITY                     	SU	SUBSTR(LOC.P	   GOOD_GEOCODE	CUST_ACCOUNT_ID	       PARTY_ID	CUSTOMER_NUMBER
-------------------------	-------------------------	-------------------------	-------------------------	-------------------------	--	------------	---------------	---------------	---------------	------------------------------
% Urb Puerto Nuevo       	1031 Calle Amberes       	                         	                         	San Juan                 	PR	00920-5351  	              0	           4004	          17018	0497329850
% Urb Puerto Nuevo       	1031 Calle Amberes       	                         	                         	San Juan                 	PR	00920-5351  	              0	           4004	          17018	0497329850
Urb Puerto Nuevo, Ave And	                         	                         	                         	San Juan                 	PR	00920-5309  	              0	          98989	         131244	0390877050
Urb Puerto Nuevo, Ave And	                         	                         	                         	San Juan                 	PR	00920-5309  	              0	          98989	         131244	0390877050
Urb Puerto Nuevo, Ave And	                         	                         	                         	San Juan                 	PR	00920-5309  	              0	          98989	         131244	0390877050
Po Box 2002              	                         	                         	                         	Salinas                  	PR	00751-2001  	              0	         346963	         387627	1000822965
Po Box 2002              	                         	                         	                         	Salinas                  	PR	00751-2001  	              0	         346963	         387627	1000822965
Po Box 2002              	                         	                         	                         	Salinas                  	PR	00751-2001  	              0	         346963	         387627	1000822965
% Manuel Pantoja         	Bayamon Garden Station   	PO Box 4255              	                         	Bayamon                  	PR	00958-1255  	              0	        1339375	        1285465	2000173082
PO Box 984               	                         	                         	                         	Bayamon                  	PR	00960-0984  	              0	        1656188	        1562301	2000245581

10 rows selected.

Elapsed: 00:04:36.40
rstewar@TEST
SQL> rstewar@TEST
rstewar@TEST
SQL> select * from (
    SELECT loc.ADDRESS1,
           loc.ADDRESS2,
           loc.ADDRESS3,
           loc.ADDRESS4,
           loc.CITY,
           substr(loc.STATE,1,2),
           substr(loc.POSTAL_CODE,1,12),
--            terr.TERRITORY_SHORT_NAME,
           --
           nvl(loc_assign.location_id,0) good_geocode
	   --
	   , addr.cust_account_id
	   , party_site.party_id
	   , hca.account_number customer_number
	   --
	   , sum(arps.amount_due_remaining) over (partition by hca.cust_account_id) amt_remaining
      FROM
--       AR_LOOKUPS         l_cat,
--           FND_TERRITORIES_VL terr,
--            FND_LANGUAGES_VL   lang,
           apps.HZ_CUST_ACCT_SITES addr,
           apps.HZ_PARTY_SITES     party_site,
           apps.HZ_CUST_SITE_USES  csu,
           apps.HZ_LOCATIONS       loc,
           apps.HZ_LOC_ASSIGNMENTS loc_assign
	   --
	   , apps.hz_cust_accounts hca
	   , apps.lwx_ar_stmt_headers arsh
	   --
	   , ar.ar_payment_schedules_all arps
     WHERE
--          addr.CUSTOMER_CATEGORY_CODE = l_cat.LOOKUP_CODE(+)
           1=1
--        AND l_cat.LOOKUP_TYPE(+) = 'ADDRESS_CATEGORY'
--
--        AND loc.COUNTRY = terr.TERRITORY_CODE(+)
--        AND loc.LANGUAGE = lang.LANGUAGE_CODE(+)
       AND addr.PARTY_SITE_ID = party_site.PARTY_SITE_ID
       AND csu.CUST_ACCT_SITE_ID = addr.CUST_ACCT_SITE_ID
       AND csu.SITE_USE_CODE IN ('STMTS','BILL_TO')
       AND NVL(csu.PRIMARY_FLAG, 'N') = 'Y'
       AND loc.LOCATION_ID = party_site.LOCATION_ID
       AND loc.LOCATION_ID = loc_assign.LOCATION_ID(+) -- n.b. this is an "optional join" OF-3393
       -- EXTRA TESTING PREDICATES, NOT PRESENT IN THE ORIGINAL QUERY:
       and loc_assign.location_id is null
       and hca.cust_account_id = addr.cust_account_id
       and hca.party_id = party_site.party_id
       and hca.account_number = arsh.send_to_cust_nbr
       -- THIS IS DERIVED FROM REASONING ABOUT THE RIDICULOUS QUERY-MASQUERADING-AS-A-FUNCTION apps.lwx_ar_query.get_balance:
       and arps.customer_id = hca.cust_account_id
       and arps.status = 'OP'
--
-- The following two predicates are bound to input variables for the original program
-- cursor:
--       AND addr.cust_account_id = cn_cust_id
--       AND party_site.PARTY_ID = cn_party_id
       ORDER BY decode(csu.site_use_code,'STMTS',1,'BILL_TO',2,3)
) where rownum < 11 and amt_remaining != 0;


ADDRESS1                 	ADDRESS2                 	ADDRESS3                 	ADDRESS4                 	CITY                     	SU	SUBSTR(LOC.P	   GOOD_GEOCODE	CUST_ACCOUNT_ID	       PARTY_ID	CUSTOMER_NUMBER               	  AMT_REMAINING
-------------------------	-------------------------	-------------------------	-------------------------	-------------------------	--	------------	---------------	---------------	---------------	------------------------------	---------------
Urb Puerto Nuevo, Ave And	                         	                         	                         	San Juan                 	PR	00920-5309  	              0	          98989	         131244	0390877050                    	       12666.57
Urb Puerto Nuevo, Ave And	                         	                         	                         	San Juan                 	PR	00920-5309  	              0	          98989	         131244	0390877050                    	       12666.57
Urb Puerto Nuevo, Ave And	                         	                         	                         	San Juan                 	PR	00920-5309  	              0	          98989	         131244	0390877050                    	       12666.57
Urb Puerto Nuevo, Ave And	                         	                         	                         	San Juan                 	PR	00920-5309  	              0	          98989	         131244	0390877050                    	       12666.57
Urb Puerto Nuevo, Ave And	                         	                         	                         	San Juan                 	PR	00920-5309  	              0	          98989	         131244	0390877050                    	       12666.57
Urb Puerto Nuevo, Ave And	                         	                         	                         	San Juan                 	PR	00920-5309  	              0	          98989	         131244	0390877050                    	       12666.57
% Iris Echevaria         	Urb Punto Oro, Calle Alme	                         	                         	Ponce                    	PR	00728       	              0	         176533	         211043	0576260460                    	            -14
PO Box 41                	                         	                         	                         	Hatillo                  	PR	00659       	              0	         181454	         217841	1000091327                    	        8685.48
PO Box 41                	                         	                         	                         	Hatillo                  	PR	00659       	              0	         181454	         217841	1000091327                    	        8685.48
PO Box 41                	                         	                         	                         	Hatillo                  	PR	00659       	              0	         181454	         217841	1000091327                    	        8685.48

10 rows selected.

Elapsed: 00:07:45.71
rstewar@TEST
SQL> rem I shall try a statment run with customer number 0390877050.
rstewar@TEST
SQL> rem and I have verified that I have a test run with that customer which shows an example of how the program should behave with a customer whose geocode is missing and who has a nonzero balance (so that they'll receive a statement.)  Sigh.
rstewar@TEST
SQL> exit
Disconnected from Oracle Database 11g Enterprise Edition Release 11.2.0.3.0 - 64bit Production
With the Partitioning, Automatic Storage Management, OLAP and Data Mining options

Process SQL finished

